[INFO] Scanning for projects...
[INFO] 
[INFO] -------------------------< com.savewater:iam >--------------------------
[INFO] Building iam 0.0.1-SNAPSHOT
[INFO]   from pom.xml
[INFO] --------------------------------[ jar ]---------------------------------
[INFO] 
[INFO] >>> spring-boot:4.1.1:run (default-cli) > test-compile @ iam >>>
[INFO] 
[INFO] --- resources:3.5.0:resources (default-resources) @ iam ---
[INFO] Copying 1 resource from src\main\resources to target\classes
[INFO] Copying 6 resources from src\main\resources to target\classes
[INFO] 
[INFO] --- compiler:3.15.0:compile (default-compile) @ iam ---
[INFO] Nothing to compile - all classes are up to date.
[INFO] 
[INFO] --- resources:3.5.0:testResources (default-testResources) @ iam ---
[INFO] skip non existing resourceDirectory C:\Users\Diego Alejandro\Desktop\save-water\iam\src\test\resources
[INFO] 
[INFO] --- compiler:3.15.0:testCompile (default-testCompile) @ iam ---
[INFO] Nothing to compile - all classes are up to date.
[INFO] 
[INFO] <<< spring-boot:4.1.1:run (default-cli) < test-compile @ iam <<<
[INFO] 
[INFO] 
[INFO] --- spring-boot:4.1.1:run (default-cli) @ iam ---
[INFO] Attaching agents: []

  .   ____          _            __ _ _
 /\\ / ___'_ __ _ _(_)_ __  __ _ \ \ \ \
( ( )\___ | '_ | '_| | '_ \/ _` | \ \ \ \
 \\/  ___)| |_)| | | | | || (_| |  ) ) ) )
  '  |____| .__|_| |_|_| |_\__, | / / / /
 =========|_|==============|___/=/_/_/_/

 :: Spring Boot ::                (v4.1.1)

2026-09-24T13:13:36.378-05:00  INFO 36328 --- [iam] [  restartedMain] com.save_water.iam.IamApplication        : Starting IamApplication using Java 23.0.2 with PID 36328 (C:\Users\Diego Alejandro\Desktop\save-water\iam\target\classes started by Diego Alejandro in C:\Users\Diego Alejandro\Desktop\save-water\iam)
2026-09-24T13:13:36.381-05:00  INFO 36328 --- [iam] [  restartedMain] com.save_water.iam.IamApplication        : No active profile set, falling back to 1 default profile: "default"
2026-09-24T13:13:36.485-05:00  INFO 36328 --- [iam] [  restartedMain] .e.DevToolsPropertyDefaultsPostProcessor : Devtools property defaults active! Set 'spring.devtools.add-properties' to 'false' to disable
2026-09-24T13:13:36.485-05:00  INFO 36328 --- [iam] [  restartedMain] .e.DevToolsPropertyDefaultsPostProcessor : For additional web related logging consider setting the 'logging.level.web' property to 'DEBUG'
2026-09-24T13:13:37.327-05:00  INFO 36328 --- [iam] [  restartedMain] .s.d.r.c.RepositoryConfigurationDelegate : Bootstrapping Spring Data JPA repositories in DEFAULT mode.
2026-09-24T13:13:37.394-05:00  INFO 36328 --- [iam] [  restartedMain] .s.d.r.c.RepositoryConfigurationDelegate : Finished Spring Data repository scanning in 51 ms. Found 1 JPA repository interface.
2026-09-24T13:13:37.965-05:00  INFO 36328 --- [iam] [  restartedMain] o.s.boot.tomcat.TomcatWebServer          : Tomcat initialized with port 8080 (http)
2026-09-24T13:13:37.998-05:00  INFO 36328 --- [iam] [  restartedMain] o.apache.catalina.core.StandardService   : Starting service [Tomcat]
2026-09-24T13:13:37.998-05:00  INFO 36328 --- [iam] [  restartedMain] o.apache.catalina.core.StandardEngine    : Starting Servlet engine: [Apache Tomcat/11.0.24]
2026-09-24T13:13:38.034-05:00  INFO 36328 --- [iam] [  restartedMain] b.w.c.s.WebApplicationContextInitializer : Root WebApplicationContext: initialization completed in 1548 ms
2026-09-24T13:13:38.165-05:00  INFO 36328 --- [iam] [  restartedMain] com.zaxxer.hikari.HikariDataSource       : HikariPool-1 - Starting...
2026-09-24T13:13:38.511-05:00  INFO 36328 --- [iam] [  restartedMain] com.zaxxer.hikari.pool.HikariPool        : HikariPool-1 - Added connection com.mysql.cj.jdbc.ConnectionImpl@14fa6456
2026-09-24T13:13:38.514-05:00  INFO 36328 --- [iam] [  restartedMain] com.zaxxer.hikari.HikariDataSource       : HikariPool-1 - Start completed.
2026-09-24T13:13:40.222-05:00  INFO 36328 --- [iam] [  restartedMain] liquibase.changelog                      : Reading from iam_db.DATABASECHANGELOG
2026-09-24T13:13:40.326-05:00  INFO 36328 --- [iam] [  restartedMain] liquibase.ui                             : Database is up to date, no changesets to execute
2026-09-24T13:13:40.331-05:00  INFO 36328 --- [iam] [  restartedMain] liquibase.changelog                      : Reading from iam_db.DATABASECHANGELOG
2026-09-24T13:13:40.342-05:00  INFO 36328 --- [iam] [  restartedMain] liquibase.util                           : UPDATE SUMMARY
2026-09-24T13:13:40.342-05:00  INFO 36328 --- [iam] [  restartedMain] liquibase.util                           : Run:                          0
2026-09-24T13:13:40.342-05:00  INFO 36328 --- [iam] [  restartedMain] liquibase.util                           : Previously run:               5
2026-09-24T13:13:40.342-05:00  INFO 36328 --- [iam] [  restartedMain] liquibase.util                           : Filtered out:                 0
2026-09-24T13:13:40.342-05:00  INFO 36328 --- [iam] [  restartedMain] liquibase.util                           : -------------------------------
2026-09-24T13:13:40.342-05:00  INFO 36328 --- [iam] [  restartedMain] liquibase.util                           : Total change sets:            5
2026-09-24T13:13:40.351-05:00  INFO 36328 --- [iam] [  restartedMain] liquibase.util                           : Update summary generated
2026-09-24T13:13:40.352-05:00  INFO 36328 --- [iam] [  restartedMain] liquibase.command                        : Command execution complete
2026-09-24T13:13:40.435-05:00  INFO 36328 --- [iam] [  restartedMain] org.hibernate.orm.jpa                    : HHH008540: Processing PersistenceUnitInfo [name: default]
2026-09-24T13:13:40.491-05:00  INFO 36328 --- [iam] [  restartedMain] org.hibernate.orm.core                   : HHH000001: Hibernate ORM core version 7.4.5.Final
2026-09-24T13:13:40.937-05:00  INFO 36328 --- [iam] [  restartedMain] o.s.o.j.p.SpringPersistenceUnitInfo      : No LoadTimeWeaver setup: ignoring JPA class transformer
2026-09-24T13:13:40.983-05:00  WARN 36328 --- [iam] [  restartedMain] org.hibernate.orm.deprecation            : HHH90000025: MySQLDialect does not need to be specified explicitly using 'hibernate.dialect' (remove the property setting and it will be selected by default)
2026-09-24T13:13:40.996-05:00  INFO 36328 --- [iam] [  restartedMain] org.hibernate.orm.connections.pooling    : HHH10001005: Database info:
	Database JDBC URL [jdbc:mysql://localhost:3306/iam_db]
	Database driver: MySQL Connector/J
	Database dialect: MySQLDialect
	Database version: 9.4
	Default catalog/schema: iam_db/undefined
	Autocommit mode: undefined/unknown
	Isolation level: REPEATABLE_READ [default REPEATABLE_READ]
	JDBC fetch size: none
	Pool: DataSourceConnectionProvider
	Minimum pool size: undefined/unknown
	Maximum pool size: undefined/unknown
2026-09-24T13:13:41.737-05:00  INFO 36328 --- [iam] [  restartedMain] org.hibernate.orm.core                   : HHH000489: No JTA platform available (set 'hibernate.transaction.jta.platform' to enable JTA platform integration)
2026-09-24T13:13:41.775-05:00  INFO 36328 --- [iam] [  restartedMain] j.LocalContainerEntityManagerFactoryBean : Initialized JPA EntityManagerFactory for persistence unit 'default'
2026-09-24T13:13:41.857-05:00  INFO 36328 --- [iam] [  restartedMain] o.s.d.j.r.query.QueryEnhancerFactories   : Hibernate is in classpath; If applicable, HQL parser will be used.
2026-09-24T13:13:42.106-05:00  WARN 36328 --- [iam] [  restartedMain] JpaBaseConfiguration$JpaWebConfiguration : spring.jpa.open-in-view is enabled by default. Therefore, database queries may be performed during view rendering. Explicitly configure spring.jpa.open-in-view to disable this warning
2026-09-24T13:13:42.176-05:00  WARN 36328 --- [iam] [  restartedMain] .s.a.UserDetailsServiceAutoConfiguration : 

Using generated security password: 3129bc07-0bc4-46f1-ade1-1ccaa825f202

This generated password is for development use only. Your security configuration must be updated before running your application in production.

2026-09-24T13:13:42.182-05:00  INFO 36328 --- [iam] [  restartedMain] r$InitializeUserDetailsManagerConfigurer : Global AuthenticationManager configured with UserDetailsService bean with name inMemoryUserDetailsManager
2026-09-24T13:13:42.613-05:00  INFO 36328 --- [iam] [  restartedMain] o.s.boot.tomcat.TomcatWebServer          : Tomcat started on port 8080 (http) with context path '/'
2026-09-24T13:13:42.617-05:00  INFO 36328 --- [iam] [  restartedMain] com.save_water.iam.IamApplication        : Started IamApplication in 6.722 seconds (process running for 7.286)
2026-09-24T13:13:42.617-05:00  WARN 36328 --- [iam] [  restartedMain] o.s.core.events.SpringDocAppInitializer  : SpringDoc /v3/api-docs endpoint is enabled by default. To disable it in production, set the property 'springdoc.api-docs.enabled=false'
2026-09-24T13:13:42.617-05:00  WARN 36328 --- [iam] [  restartedMain] o.s.core.events.SpringDocAppInitializer  : SpringDoc /swagger-ui.html endpoint is enabled by default. To disable it in production, set the property 'springdoc.swagger-ui.enabled=false'
2026-09-24T13:14:46.815-05:00  INFO 36328 --- [iam] [nio-8080-exec-1] o.a.c.c.C.[Tomcat].[localhost].[/]       : Initializing Spring DispatcherServlet 'dispatcherServlet'
2026-09-24T13:14:46.815-05:00  INFO 36328 --- [iam] [nio-8080-exec-1] o.s.web.servlet.DispatcherServlet        : Initializing Servlet 'dispatcherServlet'
2026-09-24T13:14:46.817-05:00  INFO 36328 --- [iam] [nio-8080-exec-1] o.s.web.servlet.DispatcherServlet        : Completed initialization in 2 ms
2026-09-24T13:14:47.121-05:00  INFO 36328 --- [iam] [nio-8080-exec-1] o.springdoc.api.AbstractOpenApiResource  : Init duration for springdoc-openapi is: 260 ms
2026-09-24T13:15:17.428-05:00  INFO 36328 --- [iam] [nio-8080-exec-1] o.springdoc.api.AbstractOpenApiResource  : Init duration for springdoc-openapi is: 94 ms
2026-09-24T13:15:38.819-05:00  WARN 36328 --- [iam] [nio-8080-exec-2] .m.m.a.ExceptionHandlerExceptionResolver : Resolved [org.springframework.http.converter.HttpMessageNotReadableException: JSON parse error: Unexpected character ('=' (code 61)): was expecting a colon to separate property name and value]
2026-09-24T13:15:52.669-05:00  WARN 36328 --- [iam] [nio-8080-exec-3] .m.m.a.ExceptionHandlerExceptionResolver : Resolved [org.springframework.http.converter.HttpMessageNotReadableException: JSON parse error: Unexpected character ('"' (code 34)): was expecting comma to separate Object entries]
Hibernate: select ue1_0.id,ue1_0.created_at,ue1_0.email,ue1_0.password_hash from users ue1_0 where ue1_0.email=?
Hibernate: select r1_0.user_id,r1_1.id,r1_1.name from user_roles r1_0 join roles r1_1 on r1_1.id=r1_0.role_id where r1_0.user_id=?
